
> borsa@0.1.0 build
> next build

node.exe : ΓÜá Warning: Next.js inferred your 
workspace root, but it may not be correct.
At line:1 char:1
+ & "C:\Program Files\nodejs/node.exe" "C:\Program 
Files\nodejs/node_mo ...
+ ~~~~~~~~~~~~~~~~~~~~~~~~~~~~~~~~~~~~~~~~~~~~~~~~~~~~~
~~~~~~~~~~~~~~~~
    + CategoryInfo          : NotSpecified: (ΓÜá Warni 
   ng: Ne...not be correct.:String) [], RemoteExcepti  
  on
    + FullyQualifiedErrorId : NativeCommandError
 
 We detected multiple lockfiles and selected the 
directory of C:\Users\user\package-lock.json as the 
root directory.
 To silence this warning, set `turbopack.root` in your 
Next.js config, or consider removing one of the 
lockfiles if it's not needed.
   See https://nextjs.org/docs/app/api-reference/config
/next-config-js/turbopack#root-directory for more 
information.
 Detected additional lockfiles: 
   * 
C:\Users\user\OneDrive\Desktop\borsa\package-lock.json

Γû▓ Next.js 16.1.6 (Turbopack)

  Creating an optimized production build ...
Γ£ô Compiled successfully in 6.6s
  Running TypeScript ...
Failed to compile.

./src/context/Web3Provider.tsx:36:5
Type error: Type '({ blockExplorers: { readonly 
default: { readonly name: "Etherscan"; readonly url: 
"https://etherscan.io"; readonly apiUrl: 
"https://api.etherscan.io/api"; }; }; blockTime: 
12000; contracts: { ...; }; ... 14 more ...; 
verifyHash?: ((client: Client<...>, parameters: 
VerifyHashParameters) => Promise<...>) | 
undefined;...' is not assignable to type 
'[AppKitNetwork, ...AppKitNetwork[]]'.
  Source provides no match for required element at 
position 0 in target.

[0m [90m 34 |[39m createAppKit({
 [90m 35 |[39m     adapters[33m:[39m 
[wagmiAdapter][33m,[39m
[31m[1m>[22m[39m[90m 36 |[39m     
networks[33m,[39m
 [90m    |[39m     [31m[1m^[22m[39m
 [90m 37 |[39m     projectId[33m,[39m
 [90m 38 |[39m     metadata[33m,[39m
 [90m 39 |[39m     features[33m:[39m {[0m
Next.js build worker exited with code: 1 and signal: 
null
